COVERGROUP COVERAGE:
----------------------------------------------------------------------------------------------------
Covergroup                                             Metric      Goal/ Status                    
                                                                At Least                           
----------------------------------------------------------------------------------------------------
 TYPE /tbench_top/i_intf/intf_cg                        94.4%        100 Uncovered                 
    Coverpoint intf_cg::port_0_addr                    100.0%        100 Covered                   
    Coverpoint intf_cg::port_1_addr                    100.0%        100 Covered                   
    Coverpoint intf_cg::port_2_addr                    100.0%        100 Covered                   
    Coverpoint intf_cg::port_3_addr                    100.0%        100 Covered                   
    Coverpoint intf_cg::port_0_data                    100.0%        100 Covered                   
    Coverpoint intf_cg::port_1_data                    100.0%        100 Covered                   
    Coverpoint intf_cg::port_2_data                    100.0%        100 Covered                   
    Coverpoint intf_cg::port_3_data                    100.0%        100 Covered                   
    Coverpoint intf_cg::reset                           50.0%        100 Uncovered                 
 Covergroup instance \/tbench_top/i_intf/cg             94.4%        100 Uncovered                 
    Coverpoint port_0_addr                             100.0%        100 Covered                   
        covered/total bins:                                 4          4                           
        missing/total bins:                                 0          4                           
        bin port_0                                       7542          1 Covered                   
        bin port_1                                       2466          1 Covered                   
        bin port_2                                       2496          1 Covered                   
        bin port_3                                       2508          1 Covered                   
    Coverpoint port_1_addr                             100.0%        100 Covered                   
        covered/total bins:                                 4          4                           
        missing/total bins:                                 0          4                           
        bin port_0                                       2514          1 Covered                   
        bin port_1                                       7448          1 Covered                   
        bin port_2                                       2572          1 Covered                   
        bin port_3                                       2478          1 Covered                   
    Coverpoint port_2_addr                             100.0%        100 Covered                   
        covered/total bins:                                 4          4                           
        missing/total bins:                                 0          4                           
        bin port_0                                       2478          1 Covered                   
        bin port_1                                       2526          1 Covered                   
        bin port_2                                       7426          1 Covered                   
        bin port_3                                       2582          1 Covered                   
    Coverpoint port_3_addr                             100.0%        100 Covered                   
        covered/total bins:                                 4          4                           
        missing/total bins:                                 0          4                           
        bin port_0                                       2478          1 Covered                   
        bin port_1                                       2572          1 Covered                   
        bin port_2                                       2518          1 Covered                   
        bin port_3                                       7444          1 Covered                   
    Coverpoint port_0_data                             100.0%        100 Covered                   
        covered/total bins:                                 3          3                           
        missing/total bins:                                 0          3                           
        bin low                                          1972          1 Covered                   
        bin med                                          3948          1 Covered                   
        bin high                                         9092          1 Covered                   
    Coverpoint port_1_data                             100.0%        100 Covered                   
        covered/total bins:                                 3          3                           
        missing/total bins:                                 0          3                           
        bin low                                          1950          1 Covered                   
        bin med                                          4008          1 Covered                   
        bin high                                         9054          1 Covered                   
    Coverpoint port_2_data                             100.0%        100 Covered                   
        covered/total bins:                                 3          3                           
        missing/total bins:                                 0          3                           
        bin low                                          2002          1 Covered                   
        bin med                                          3958          1 Covered                   
        bin high                                         9052          1 Covered                   
    Coverpoint port_3_data                             100.0%        100 Covered                   
        covered/total bins:                                 3          3                           
        missing/total bins:                                 0          3                           
        bin low                                          1930          1 Covered                   
        bin med                                          4030          1 Covered                   
        bin high                                         9052          1 Covered                   
    Coverpoint reset                                    50.0%        100 Uncovered                 
        covered/total bins:                                 1          2                           
        missing/total bins:                                 1          2                           
        bin low                                         15015          1 Covered                   
        bin high                                            0          1 ZERO                      

TOTAL COVERGROUP COVERAGE: 94.4%  COVERGROUP TYPES: 1
