COVERGROUP COVERAGE:
----------------------------------------------------------------------------------------------------
Covergroup                                             Metric      Goal/ Status                    
                                                                At Least                           
----------------------------------------------------------------------------------------------------
 TYPE /phase8_testbench_sv_unit/coverage/driv_cg       100.0%        100 Covered                   
    Coverpoint driv_cg::port_0_address                 100.0%        100 Covered                   
        covered/total bins:                                 4          4                           
        missing/total bins:                                 0          4                           
        bin port_0                                         33          1 Covered                   
        bin port_1                                          3          1 Covered                   
        bin port_2                                          1          1 Covered                   
        bin port_3                                          3          1 Covered                   
    Coverpoint driv_cg::port_1_address                 100.0%        100 Covered                   
        covered/total bins:                                 4          4                           
        missing/total bins:                                 0          4                           
        bin port_0                                         31          1 Covered                   
        bin port_1                                          2          1 Covered                   
        bin port_2                                          5          1 Covered                   
        bin port_3                                          2          1 Covered                   
    Coverpoint driv_cg::port_2_address                 100.0%        100 Covered                   
        covered/total bins:                                 4          4                           
        missing/total bins:                                 0          4                           
        bin port_0                                         34          1 Covered                   
        bin port_1                                          3          1 Covered                   
        bin port_2                                          1          1 Covered                   
        bin port_3                                          2          1 Covered                   
    Coverpoint driv_cg::port_3_address                 100.0%        100 Covered                   
        covered/total bins:                                 4          4                           
        missing/total bins:                                 0          4                           
        bin port_0                                         32          1 Covered                   
        bin port_1                                          2          1 Covered                   
        bin port_2                                          3          1 Covered                   
        bin port_3                                          3          1 Covered                   
    Coverpoint driv_cg::port_0_data                    100.0%        100 Covered                   
        covered/total bins:                                 3          3                           
        missing/total bins:                                 0          3                           
        bin low                                            32          1 Covered                   
        bin med                                             7          1 Covered                   
        bin high                                            1          1 Covered                   
    Coverpoint driv_cg::port_1_data                    100.0%        100 Covered                   
        covered/total bins:                                 3          3                           
        missing/total bins:                                 0          3                           
        bin low                                            32          1 Covered                   
        bin med                                             4          1 Covered                   
        bin high                                            4          1 Covered                   
    Coverpoint driv_cg::port_2_data                    100.0%        100 Covered                   
        covered/total bins:                                 3          3                           
        missing/total bins:                                 0          3                           
        bin low                                            31          1 Covered                   
        bin med                                             5          1 Covered                   
        bin high                                            4          1 Covered                   
    Coverpoint driv_cg::port_3_data                    100.0%        100 Covered                   
        covered/total bins:                                 3          3                           
        missing/total bins:                                 0          3                           
        bin low                                            33          1 Covered                   
        bin med                                             3          1 Covered                   
        bin high                                            4          1 Covered                   
 CLASS coverage

TOTAL COVERGROUP COVERAGE: 100.0%  COVERGROUP TYPES: 1
