Coverage Report Summary Data by file

=================================================================================
=== File: testbench/phase1_top/interface.sv
=================================================================================
    Enabled Coverage            Active      Hits    Misses % Covered
    ----------------            ------      ----    ------ ---------
    Stmts                            0         0         0     100.0
    Branches                         0         0         0     100.0
    FEC Condition Terms              0         0         0     100.0
    FEC Expression Terms             0         0         0     100.0
    FSMs                                                       100.0
        States                       0         0         0     100.0
        Transitions                  0         0         0     100.0
    Toggle Bins                     32        32         0     100.0

=================================================================================
=== File: testbench/phase1_top/tbench_top.sv
=================================================================================
    Enabled Coverage            Active      Hits    Misses % Covered
    ----------------            ------      ----    ------ ---------
    Stmts                            7         7         0     100.0
    Branches                         0         0         0     100.0
    FEC Condition Terms              0         0         0     100.0
    FEC Expression Terms             0         0         0     100.0
    FSMs                                                       100.0
        States                       0         0         0     100.0
        Transitions                  0         0         0     100.0
    Toggle Bins                      4         4         0     100.0

=================================================================================
=== File: testbench/phase2_environment/environment.sv
=================================================================================
    Enabled Coverage            Active      Hits    Misses % Covered
    ----------------            ------      ----    ------ ---------
    Stmts                           41        40         1      97.5
    Branches                         2         1         1      50.0
    FEC Condition Terms              0         0         0     100.0
    FEC Expression Terms             0         0         0     100.0
    FSMs                                                       100.0
        States                       0         0         0     100.0
        Transitions                  0         0         0     100.0
    Toggle Bins                      0         0         0     100.0

=================================================================================
=== File: testbench/phase3_base/TransBase.sv
=================================================================================
    Enabled Coverage            Active      Hits    Misses % Covered
    ----------------            ------      ----    ------ ---------
    Stmts                           13         0        13       0.0
    Branches                         0         0         0     100.0
    FEC Condition Terms              0         0         0     100.0
    FEC Expression Terms             0         0         0     100.0
    FSMs                                                       100.0
        States                       0         0         0     100.0
        Transitions                  0         0         0     100.0
    Toggle Bins                      0         0         0     100.0

=================================================================================
=== File: testbench/phase4_generator/generator.sv
=================================================================================
    Enabled Coverage            Active      Hits    Misses % Covered
    ----------------            ------      ----    ------ ---------
    Stmts                           10         9         1      90.0
    Branches                         2         1         1      50.0
    FEC Condition Terms              0         0         0     100.0
    FEC Expression Terms             0         0         0     100.0
    FSMs                                                       100.0
        States                       0         0         0     100.0
        Transitions                  0         0         0     100.0
    Toggle Bins                      0         0         0     100.0

=================================================================================
=== File: testbench/phase5_driver/driver.sv
=================================================================================
    Enabled Coverage            Active      Hits    Misses % Covered
    ----------------            ------      ----    ------ ---------
    Stmts                           33        32         1      96.9
    Branches                         5         4         1      80.0
    FEC Condition Terms              0         0         0     100.0
    FEC Expression Terms             0         0         0     100.0
    FSMs                                                       100.0
        States                       0         0         0     100.0
        Transitions                  0         0         0     100.0
    Toggle Bins                      0         0         0     100.0

=================================================================================
=== File: testbench/phase6_monitor/monitor.sv
=================================================================================
    Enabled Coverage            Active      Hits    Misses % Covered
    ----------------            ------      ----    ------ ---------
    Stmts                           11        11         0     100.0
    Branches                         0         0         0     100.0
    FEC Condition Terms              0         0         0     100.0
    FEC Expression Terms             0         0         0     100.0
    FSMs                                                       100.0
        States                       0         0         0     100.0
        Transitions                  0         0         0     100.0
    Toggle Bins                      0         0         0     100.0

=================================================================================
=== File: testbench/phase6_monitor/receiver.sv
=================================================================================
    Enabled Coverage            Active      Hits    Misses % Covered
    ----------------            ------      ----    ------ ---------
    Stmts                           22        22         0     100.0
    Branches                         0         0         0     100.0
    FEC Condition Terms              0         0         0     100.0
    FEC Expression Terms             0         0         0     100.0
    FSMs                                                       100.0
        States                       0         0         0     100.0
        Transitions                  0         0         0     100.0
    Toggle Bins                      0         0         0     100.0

=================================================================================
=== File: testbench/phase7_scoreboard/scoreboard.sv
=================================================================================
    Enabled Coverage            Active      Hits    Misses % Covered
    ----------------            ------      ----    ------ ---------
    Stmts                           14         7         7      50.0
    Branches                        10         5         5      50.0
    FEC Condition Terms              0         0         0     100.0
    FEC Expression Terms             0         0         0     100.0
    FSMs                                                       100.0
        States                       0         0         0     100.0
        Transitions                  0         0         0     100.0
    Toggle Bins                      0         0         0     100.0

=================================================================================
=== File: testbench/phase8_coverage/coverage.sv
=================================================================================
    Enabled Coverage            Active      Hits    Misses % Covered
    ----------------            ------      ----    ------ ---------
    Stmts                            4         4         0     100.0
    Branches                         0         0         0     100.0
    FEC Condition Terms              0         0         0     100.0
    FEC Expression Terms             0         0         0     100.0
    FSMs                                                       100.0
        States                       0         0         0     100.0
        Transitions                  0         0         0     100.0
    Toggle Bins                      0         0         0     100.0

=================================================================================
=== File: testbench/phase9_testcases/testbench_bnd_plse_coincidence.sv
=================================================================================
    Enabled Coverage            Active      Hits    Misses % Covered
    ----------------            ------      ----    ------ ---------
    Stmts                           16        11         5      68.7
    Branches                         4         2         2      50.0
    FEC Condition Terms              0         0         0     100.0
    FEC Expression Terms             0         0         0     100.0
    FSMs                                                       100.0
        States                       0         0         0     100.0
        Transitions                  0         0         0     100.0
    Toggle Bins                      0         0         0     100.0

=================================================================================
=== File: testbench/phase9_testcases/testbench_reset.sv
=================================================================================
    Enabled Coverage            Active      Hits    Misses % Covered
    ----------------            ------      ----    ------ ---------
    Stmts                           57        33        24      57.8
    Branches                        24        12        12      50.0
    FEC Condition Terms              0         0         0     100.0
    FEC Expression Terms             0         0         0     100.0
    FSMs                                                       100.0
        States                       0         0         0     100.0
        Transitions                  0         0         0     100.0
    Toggle Bins                      0         0         0     100.0


Total Coverage By File (code coverage only, filtered view): 76.7%

